<?xml version="1.0" encoding="UTF-8"?>
<TestRun id="f8c2233b-9739-4aa6-8018-32a3d1dadd39" name="HP@HP-PC 2017-06-19 22:59:13" runUser="HP-PC\HP" xmlns="http://microsoft.com/schemas/VisualStudio/TeamTest/2010">
  <TestSettings name="Local" id="b05a3c0c-8e63-4e7b-b900-4d84dc28b507">
    <Description>These are default test settings for a local test run.</Description>
    <Deployment enabled="false" runDeploymentRoot="HP_HP-PC 2017-06-19 22_59_13">
      <DeploymentItem filename="C:\Users\HP\Documents\Visual Studio 2010\Projects\NumericSequenceWorldNomads\packages\Selenium.WebDriver.3.4.0\lib\net40\WebDriver.dll" />
      <DeploymentItem filename="C:\Program Files\Microsoft ASP.NET\ASP.NET MVC 4\Assemblies\System.Web.Mvc.dll" />
      <DeploymentItem filename="C:\Users\HP\Documents\Visual Studio 2010\Projects\NumericSequenceWorldNomads\NumericSequenceWorldNomads\bin\NumericSequenceWorldNomads.dll" />
    </Deployment>
    <Execution>
      <TestTypeSpecific />
      <AgentRule name="Execution Agents">
      </AgentRule>
    </Execution>
  </TestSettings>
  <Times creation="2017-06-19T22:59:13.3108454+10:00" queuing="2017-06-19T22:59:18.4278454+10:00" start="2017-06-19T22:59:18.7698454+10:00" finish="2017-06-19T23:00:32.9368454+10:00" />
  <ResultSummary outcome="Error">
    <Counters total="8" executed="5" passed="4" error="0" failed="0" timeout="0" aborted="1" inconclusive="0" passedButRunAborted="0" notRunnable="0" notExecuted="3" disconnected="0" warning="0" completed="0" inProgress="0" pending="0" />
    <RunInfos>
      <RunInfo computerName="HP-PC" outcome="Error" timestamp="2017-06-19T23:00:32.9348454+10:00">
        <Text>Test host process exited unexpectedly.</Text>
      </RunInfo>
    </RunInfos>
  </ResultSummary>
  <TestDefinitions>
    <UnitTest name="TestMethod1" storage="c:\users\hp\documents\visual studio 2010\projects\numericsequenceworldnomads\numericsequenceworldnomadstest\bin\release\numericsequenceworldnomadstest.dll" id="1799b8c3-6c00-da3e-bdf7-ad61ace7f647">
      <Execution id="9adcaea7-b5ad-41cc-a397-13b0a4818edf" />
      <TestMethod codeBase="C:/Users/HP/Documents/Visual Studio 2010/Projects/NumericSequenceWorldNomads/NumericSequenceWorldNomadsTest/bin/Release/NumericSequenceWorldNomadsTest.DLL" adapterTypeName="Microsoft.VisualStudio.TestTools.TestTypes.Unit.UnitTestAdapter, Microsoft.VisualStudio.QualityTools.Tips.UnitTest.Adapter, Version=10.0.0.0, Culture=neutral, PublicKeyToken=b03f5f7f11d50a3a" className="NumericSequenceWorldNomadsTest.UnitTest1, NumericSequenceWorldNomadsTest, Version=1.0.0.0, Culture=neutral, PublicKeyToken=null" name="TestMethod1" />
    </UnitTest>
    <UnitTest name="IndexPostTestAllNumbers" storage="c:\users\hp\documents\visual studio 2010\projects\numericsequenceworldnomads\numericsequenceworldnomadstest\bin\release\numericsequenceworldnomadstest.dll" id="81e5eb03-a484-249a-c5d2-a05630d9be90">
      <Execution id="e9161d5b-0918-4771-a13f-1d1c10018f77" />
      <TestMethod codeBase="C:/Users/HP/Documents/Visual Studio 2010/Projects/NumericSequenceWorldNomads/NumericSequenceWorldNomadsTest/bin/Release/NumericSequenceWorldNomadsTest.DLL" adapterTypeName="Microsoft.VisualStudio.TestTools.TestTypes.Unit.UnitTestAdapter, Microsoft.VisualStudio.QualityTools.Tips.UnitTest.Adapter, Version=10.0.0.0, Culture=neutral, PublicKeyToken=b03f5f7f11d50a3a" className="NumericSequenceWorldNomadsTest.ControllerTests.HomeControllerTest, NumericSequenceWorldNomadsTest, Version=1.0.0.0, Culture=neutral, PublicKeyToken=null" name="IndexPostTestAllNumbers" />
    </UnitTest>
    <UnitTest name="IndexPostTestFibonacciNumbers" storage="c:\users\hp\documents\visual studio 2010\projects\numericsequenceworldnomads\numericsequenceworldnomadstest\bin\release\numericsequenceworldnomadstest.dll" id="185e56a6-ee84-6994-34de-0767314f7a1b">
      <Execution id="f5950466-e94a-48eb-9443-f194cdfbd62e" />
      <TestMethod codeBase="C:/Users/HP/Documents/Visual Studio 2010/Projects/NumericSequenceWorldNomads/NumericSequenceWorldNomadsTest/bin/Release/NumericSequenceWorldNomadsTest.DLL" adapterTypeName="Microsoft.VisualStudio.TestTools.TestTypes.Unit.UnitTestAdapter, Microsoft.VisualStudio.QualityTools.Tips.UnitTest.Adapter, Version=10.0.0.0, Culture=neutral, PublicKeyToken=b03f5f7f11d50a3a" className="NumericSequenceWorldNomadsTest.ControllerTests.HomeControllerTest, NumericSequenceWorldNomadsTest, Version=1.0.0.0, Culture=neutral, PublicKeyToken=null" name="IndexPostTestFibonacciNumbers" />
    </UnitTest>
    <UnitTest name="IndexPostTestEvenNumbers" storage="c:\users\hp\documents\visual studio 2010\projects\numericsequenceworldnomads\numericsequenceworldnomadstest\bin\release\numericsequenceworldnomadstest.dll" id="18a58001-e85d-6155-54d7-c8aec4c1d653">
      <Execution id="a4ef3a93-529b-436c-ae91-6bb9b89a94c3" />
      <TestMethod codeBase="C:/Users/HP/Documents/Visual Studio 2010/Projects/NumericSequenceWorldNomads/NumericSequenceWorldNomadsTest/bin/Release/NumericSequenceWorldNomadsTest.DLL" adapterTypeName="Microsoft.VisualStudio.TestTools.TestTypes.Unit.UnitTestAdapter, Microsoft.VisualStudio.QualityTools.Tips.UnitTest.Adapter, Version=10.0.0.0, Culture=neutral, PublicKeyToken=b03f5f7f11d50a3a" className="NumericSequenceWorldNomadsTest.ControllerTests.HomeControllerTest, NumericSequenceWorldNomadsTest, Version=1.0.0.0, Culture=neutral, PublicKeyToken=null" name="IndexPostTestEvenNumbers" />
    </UnitTest>
    <UnitTest name="IndexPostTestSubstitutedNumbers" storage="c:\users\hp\documents\visual studio 2010\projects\numericsequenceworldnomads\numericsequenceworldnomadstest\bin\release\numericsequenceworldnomadstest.dll" id="234c1a0f-0f17-7a11-0d6a-7d98bb6259c6">
      <Execution id="a444626a-ff58-48fd-850d-e43648f1462f" />
      <TestMethod codeBase="C:/Users/HP/Documents/Visual Studio 2010/Projects/NumericSequenceWorldNomads/NumericSequenceWorldNomadsTest/bin/Release/NumericSequenceWorldNomadsTest.DLL" adapterTypeName="Microsoft.VisualStudio.TestTools.TestTypes.Unit.UnitTestAdapter, Microsoft.VisualStudio.QualityTools.Tips.UnitTest.Adapter, Version=10.0.0.0, Culture=neutral, PublicKeyToken=b03f5f7f11d50a3a" className="NumericSequenceWorldNomadsTest.ControllerTests.HomeControllerTest, NumericSequenceWorldNomadsTest, Version=1.0.0.0, Culture=neutral, PublicKeyToken=null" name="IndexPostTestSubstitutedNumbers" />
    </UnitTest>
    <UnitTest name="IndexPostTestOddNumbers" storage="c:\users\hp\documents\visual studio 2010\projects\numericsequenceworldnomads\numericsequenceworldnomadstest\bin\release\numericsequenceworldnomadstest.dll" id="98b6814a-a7fa-a632-6108-19e37508eed8">
      <Execution id="0de7a504-4c4e-40bf-8d7d-35ddb380df68" />
      <TestMethod codeBase="C:/Users/HP/Documents/Visual Studio 2010/Projects/NumericSequenceWorldNomads/NumericSequenceWorldNomadsTest/bin/Release/NumericSequenceWorldNomadsTest.DLL" adapterTypeName="Microsoft.VisualStudio.TestTools.TestTypes.Unit.UnitTestAdapter, Microsoft.VisualStudio.QualityTools.Tips.UnitTest.Adapter, Version=10.0.0.0, Culture=neutral, PublicKeyToken=b03f5f7f11d50a3a" className="NumericSequenceWorldNomadsTest.ControllerTests.HomeControllerTest, NumericSequenceWorldNomadsTest, Version=1.0.0.0, Culture=neutral, PublicKeyToken=null" name="IndexPostTestOddNumbers" />
    </UnitTest>
    <UnitTest name="EndtoEndTest" storage="c:\users\hp\documents\visual studio 2010\projects\numericsequenceworldnomads\numericsequenceworldnomadstest\bin\release\numericsequenceworldnomadstest.dll" id="6f0ad37f-5bcb-2d5a-01b1-4c243bfb319c">
      <Execution id="3457fdde-c2cf-435e-a672-876b409ff150" />
      <TestMethod codeBase="C:/Users/HP/Documents/Visual Studio 2010/Projects/NumericSequenceWorldNomads/NumericSequenceWorldNomadsTest/bin/Release/NumericSequenceWorldNomadsTest.DLL" adapterTypeName="Microsoft.VisualStudio.TestTools.TestTypes.Unit.UnitTestAdapter, Microsoft.VisualStudio.QualityTools.Tips.UnitTest.Adapter, Version=10.0.0.0, Culture=neutral, PublicKeyToken=b03f5f7f11d50a3a" className="NumericSequenceWorldNomadsTest.UITests.UITests, NumericSequenceWorldNomadsTest, Version=1.0.0.0, Culture=neutral, PublicKeyToken=null" name="EndtoEndTest" />
    </UnitTest>
    <UnitTest name="IndexPostTestNegativeNumnber" storage="c:\users\hp\documents\visual studio 2010\projects\numericsequenceworldnomads\numericsequenceworldnomadstest\bin\release\numericsequenceworldnomadstest.dll" id="dafd4075-e542-20e1-3b63-5e0b2a8ecf9e">
      <Execution id="c4b29e6a-5099-43b1-9b07-149ece8e5c1b" />
      <TestMethod codeBase="C:/Users/HP/Documents/Visual Studio 2010/Projects/NumericSequenceWorldNomads/NumericSequenceWorldNomadsTest/bin/Release/NumericSequenceWorldNomadsTest.DLL" adapterTypeName="Microsoft.VisualStudio.TestTools.TestTypes.Unit.UnitTestAdapter, Microsoft.VisualStudio.QualityTools.Tips.UnitTest.Adapter, Version=10.0.0.0, Culture=neutral, PublicKeyToken=b03f5f7f11d50a3a" className="NumericSequenceWorldNomadsTest.ControllerTests.HomeControllerTest, NumericSequenceWorldNomadsTest, Version=1.0.0.0, Culture=neutral, PublicKeyToken=null" name="IndexPostTestNegativeNumnber" />
    </UnitTest>
  </TestDefinitions>
  <TestLists>
    <TestList name="Results Not in a List" id="8c84fa94-04c1-424b-9868-57a2d4851a1d" />
    <TestList name="All Loaded Results" id="19431567-8539-422a-85d7-44ee4e166bda" />
  </TestLists>
  <TestEntries>
    <TestEntry testId="1799b8c3-6c00-da3e-bdf7-ad61ace7f647" executionId="9adcaea7-b5ad-41cc-a397-13b0a4818edf" testListId="8c84fa94-04c1-424b-9868-57a2d4851a1d" />
    <TestEntry testId="185e56a6-ee84-6994-34de-0767314f7a1b" executionId="f5950466-e94a-48eb-9443-f194cdfbd62e" testListId="8c84fa94-04c1-424b-9868-57a2d4851a1d" />
    <TestEntry testId="18a58001-e85d-6155-54d7-c8aec4c1d653" executionId="a4ef3a93-529b-436c-ae91-6bb9b89a94c3" testListId="8c84fa94-04c1-424b-9868-57a2d4851a1d" />
    <TestEntry testId="234c1a0f-0f17-7a11-0d6a-7d98bb6259c6" executionId="a444626a-ff58-48fd-850d-e43648f1462f" testListId="8c84fa94-04c1-424b-9868-57a2d4851a1d" />
    <TestEntry testId="6f0ad37f-5bcb-2d5a-01b1-4c243bfb319c" executionId="3457fdde-c2cf-435e-a672-876b409ff150" testListId="8c84fa94-04c1-424b-9868-57a2d4851a1d" />
    <TestEntry testId="81e5eb03-a484-249a-c5d2-a05630d9be90" executionId="e9161d5b-0918-4771-a13f-1d1c10018f77" testListId="8c84fa94-04c1-424b-9868-57a2d4851a1d" />
    <TestEntry testId="98b6814a-a7fa-a632-6108-19e37508eed8" executionId="0de7a504-4c4e-40bf-8d7d-35ddb380df68" testListId="8c84fa94-04c1-424b-9868-57a2d4851a1d" />
    <TestEntry testId="dafd4075-e542-20e1-3b63-5e0b2a8ecf9e" executionId="c4b29e6a-5099-43b1-9b07-149ece8e5c1b" testListId="8c84fa94-04c1-424b-9868-57a2d4851a1d" />
  </TestEntries>
  <Results>
    <UnitTestResult executionId="9adcaea7-b5ad-41cc-a397-13b0a4818edf" testId="1799b8c3-6c00-da3e-bdf7-ad61ace7f647" testName="TestMethod1" computerName="HP-PC" duration="00:00:00.0278469" startTime="2017-06-19T22:59:18.8858454+10:00" endTime="2017-06-19T22:59:20.2368454+10:00" testType="13cdc9d9-ddb5-4fa4-a97d-d965ccfc6d4b" outcome="Passed" testListId="8c84fa94-04c1-424b-9868-57a2d4851a1d" relativeResultsDirectory="9adcaea7-b5ad-41cc-a397-13b0a4818edf">
    </UnitTestResult>
    <UnitTestResult executionId="f5950466-e94a-48eb-9443-f194cdfbd62e" testId="185e56a6-ee84-6994-34de-0767314f7a1b" testName="IndexPostTestFibonacciNumbers" computerName="HP-PC" duration="00:00:00.1950655" startTime="2017-06-19T22:59:20.2888454+10:00" endTime="2017-06-19T22:59:20.4968454+10:00" testType="13cdc9d9-ddb5-4fa4-a97d-d965ccfc6d4b" outcome="Passed" testListId="8c84fa94-04c1-424b-9868-57a2d4851a1d" relativeResultsDirectory="f5950466-e94a-48eb-9443-f194cdfbd62e">
    </UnitTestResult>
    <UnitTestResult executionId="a4ef3a93-529b-436c-ae91-6bb9b89a94c3" testId="18a58001-e85d-6155-54d7-c8aec4c1d653" testName="IndexPostTestEvenNumbers" computerName="HP-PC" duration="00:00:00.0009406" startTime="2017-06-19T22:59:20.5438454+10:00" endTime="2017-06-19T22:59:20.5778454+10:00" testType="13cdc9d9-ddb5-4fa4-a97d-d965ccfc6d4b" outcome="Passed" testListId="8c84fa94-04c1-424b-9868-57a2d4851a1d" relativeResultsDirectory="a4ef3a93-529b-436c-ae91-6bb9b89a94c3">
    </UnitTestResult>
    <UnitTestResult executionId="a444626a-ff58-48fd-850d-e43648f1462f" testId="234c1a0f-0f17-7a11-0d6a-7d98bb6259c6" testName="IndexPostTestSubstitutedNumbers" computerName="HP-PC" duration="00:00:00.0008274" startTime="2017-06-19T22:59:20.6038454+10:00" endTime="2017-06-19T22:59:20.6138454+10:00" testType="13cdc9d9-ddb5-4fa4-a97d-d965ccfc6d4b" outcome="Passed" testListId="8c84fa94-04c1-424b-9868-57a2d4851a1d" relativeResultsDirectory="a444626a-ff58-48fd-850d-e43648f1462f">
    </UnitTestResult>
    <UnitTestResult executionId="3457fdde-c2cf-435e-a672-876b409ff150" testId="6f0ad37f-5bcb-2d5a-01b1-4c243bfb319c" testName="EndtoEndTest" computerName="HP-PC" duration="00:01:12.3080000" startTime="2017-06-19T22:59:20.6288454+10:00" endTime="2017-06-19T23:00:32.9368454+10:00" testType="13cdc9d9-ddb5-4fa4-a97d-d965ccfc6d4b" outcome="Aborted" testListId="8c84fa94-04c1-424b-9868-57a2d4851a1d" relativeResultsDirectory="3457fdde-c2cf-435e-a672-876b409ff150">
    </UnitTestResult>
    <UnitTestResult executionId="e9161d5b-0918-4771-a13f-1d1c10018f77" testId="81e5eb03-a484-249a-c5d2-a05630d9be90" testName="IndexPostTestAllNumbers" computerName="HP-PC" testType="13cdc9d9-ddb5-4fa4-a97d-d965ccfc6d4b" outcome="NotExecuted" testListId="8c84fa94-04c1-424b-9868-57a2d4851a1d" relativeResultsDirectory="e9161d5b-0918-4771-a13f-1d1c10018f77">
    </UnitTestResult>
    <UnitTestResult executionId="0de7a504-4c4e-40bf-8d7d-35ddb380df68" testId="98b6814a-a7fa-a632-6108-19e37508eed8" testName="IndexPostTestOddNumbers" computerName="HP-PC" testType="13cdc9d9-ddb5-4fa4-a97d-d965ccfc6d4b" outcome="NotExecuted" testListId="8c84fa94-04c1-424b-9868-57a2d4851a1d" relativeResultsDirectory="0de7a504-4c4e-40bf-8d7d-35ddb380df68">
    </UnitTestResult>
    <UnitTestResult executionId="c4b29e6a-5099-43b1-9b07-149ece8e5c1b" testId="dafd4075-e542-20e1-3b63-5e0b2a8ecf9e" testName="IndexPostTestNegativeNumnber" computerName="HP-PC" testType="13cdc9d9-ddb5-4fa4-a97d-d965ccfc6d4b" outcome="NotExecuted" testListId="8c84fa94-04c1-424b-9868-57a2d4851a1d" relativeResultsDirectory="c4b29e6a-5099-43b1-9b07-149ece8e5c1b">
    </UnitTestResult>
  </Results>
</TestRun>